[desafio19dias.com/index.html]
[backblue.gif]
[fade.gif]
[index.html]
[desafio19dias.com/wp-content/cache/wpfc-minified/q6u9b0zy/buc74.css]
[desafio19dias.com/wp-content/cache/wpfc-minified/kcuqzxu9/buc74.css]
[desafio19dias.com/feed/index.html]
[desafio19dias.com/comments/feed/index.html]
[desafio19dias.com/wp-content/uploads/elementor/css/post-11dd8c.css]
[desafio19dias.com/wp-content/cache/wpfc-minified/jmc9fi90/buc74.css]
[desafio19dias.com/wp-content/uploads/elementor/css/post-1085de74.css]
[desafio19dias.com/wp-content/cache/wpfc-minified/fpokiwng/buc74.css]
[desafio19dias.com/wp-json/index.html]
[desafio19dias.com/wp-content/cache/wpfc-minified/f5wg0t7l/buc74.js]
[desafio19dias.com/wp-json/wp/v2/pages/1085.json]
[desafio19dias.com/xmlrpc0db0.php]
[desafio19dias.com/wp-includes/wlwmanifest.xml]
[desafio19dias.com/wp-json/oembed/1.0/embed99f0.json]
[desafio19dias.com/wp-json/oembed/1.0/embed84e5]
[desafio19dias.com/wp-content/uploads/2021/06/cropped-D19-Logo-App2-32x32.png]
[desafio19dias.com/wp-content/uploads/2021/06/cropped-D19-Logo-App2-192x192.png]
[desafio19dias.com/wp-content/uploads/2021/06/cropped-D19-Logo-App2-180x180.png]
[desafio19dias.com/wp-content/uploads/2021/05/compra-segura-hotmart-w1000-300x90.png]
[desafio19dias.com/wp-content/uploads/2021/05/shutterstock_1441211492-Converted-Mockup-01-1-1024x1024.png]
[desafio19dias.com/wp-content/uploads/2022/05/depoimentos-1.jpg]
[desafio19dias.com/wp-content/uploads/2021/05/WhatsApp-Image-2021-03-09-at-15.04.52-1-1.jpg]
[desafio19dias.com/wp-content/uploads/2021/05/WhatsApp-Image-2021-03-09-at-15.04.50-2-1.jpg]
[desafio19dias.com/wp-content/uploads/2021/05/mini-dep4.jpg]
[desafio19dias.com/wp-content/uploads/2021/05/WhatsApp-Image-2021-03-09-at-15.04.53-1.jpg]
[desafio19dias.com/wp-content/uploads/2021/05/WhatsApp-Image-2021-03-09-at-15.04.52-2.jpg]
[desafio19dias.com/wp-content/uploads/2021/05/062e4590-depo-1_10ae04o09903i00l00l028.png]
[desafio19dias.com/wp-content/uploads/2022/05/photo_2022-02-18-09.00.31-1.jpg]
[desafio19dias.com/wp-content/uploads/2022/05/photo_2022-02-18-09.01.02-1-1.jpg]
[desafio19dias.com/wp-content/uploads/2022/05/photo_2022-05-11-09.31.06.jpg]
[desafio19dias.com/wp-content/uploads/2022/05/photo_2022-05-11-09.31.23-1.jpg]
[desafio19dias.com/wp-content/uploads/2022/05/photo_2022-05-11-09.32.17-1.jpg]
[desafio19dias.com/wp-content/uploads/2022/05/photo_2022-05-11-09.32.27.jpg]
[desafio19dias.com/wp-content/uploads/2022/05/photo_2022-05-11-09.32.24-1.jpg]
[desafio19dias.com/wp-content/uploads/2022/05/photo_2022-05-11-09.32.21-1.jpg]
[desafio19dias.com/wp-content/uploads/2022/05/photo_2021-10-21-18.53.20.jpg]
[desafio19dias.com/wp-content/uploads/2021/05/C1-1-786x1024.png]
[desafio19dias.com/wp-content/uploads/2021/05/Guia-Low-Carb-Mockup-3-300x300.png]
[desafio19dias.com/wp-content/uploads/2021/05/100-Receitas-Detox.png]
[desafio19dias.com/wp-content/uploads/2022/05/vip-2.png]
[desafio19dias.com/wp-content/uploads/2021/05/C3-1-1024x1024.png]
[desafio19dias.com/wp-content/uploads/2021/05/C4-1-1024x512.png]
[desafio19dias.com/wp-content/uploads/2021/05/2b41ec59-d5e84e1e-price-1000000000000000000028_1000000000000000000028.png]
[desafio19dias.com/wp-content/uploads/2021/05/C5-2.png]
[desafio19dias.com/wp-content/uploads/2022/05/IMG_2579.jpg]
[desafio19dias.com/wp-content/uploads/2022/05/photo_2021-10-21-18.53.29.jpg]
[desafio19dias.com/wp-content/uploads/2022/05/photo_2021-10-21-18.52.45.jpg]
[desafio19dias.com/wp-content/uploads/2022/05/photo_2022-05-11-09.30.59.jpg]
[desafio19dias.com/wp-content/uploads/2022/05/photo_2022-02-18-09.01.00-1.jpg]
[desafio19dias.com/wp-content/uploads/2022/05/photo_2021-10-21-18.53.36.jpg]
[desafio19dias.com/wp-content/uploads/2021/05/68bedb68-recorte-mujeres-2_10kr0ez000000000000028.png]
[desafio19dias.com/wp-content/uploads/2021/05/Design-sem-nome-70.jpg]
[desafio19dias.com/wp-content/plugins/wp-content-copy-protector/images/warning.png]
[desafio19dias.com/wp-content/cache/wpfc-minified/ma2dppyd/buc74.css]
[desafio19dias.com/wp-content/plugins/elementor/assets/js/webpack.runtime.min10cb.js]
[desafio19dias.com/wp-content/plugins/elementor/assets/js/frontend-modules.min10cb.js]
[desafio19dias.com/wp-content/plugins/elementor/assets/lib/waypoints/waypoints.min05da.js]
[desafio19dias.com/wp-includes/js/jquery/ui/core.min0028.js]
[desafio19dias.com/wp-content/plugins/elementor/assets/lib/swiper/swiper.min48f5.js]
[desafio19dias.com/wp-content/plugins/elementor/assets/lib/share-link/share-link.min10cb.js]
[desafio19dias.com/wp-content/plugins/elementor/assets/lib/dialog/dialog.mind227.js]
[desafio19dias.com/wp-content/plugins/elementor/assets/js/frontend.min10cb.js]
[desafio19dias.com/index.html]
[desafio19dias.com/wp-content/cache/wpfc-minified/q6u9b0zy/buc74.css]
[desafio19dias.com/wp-content/plugins/elementor/assets/js/preloaded-modules.min10cb.js]
[desafio19dias.com/wp-content/cache/wpfc-minified/kcuqzxu9/buc74.css]
[desafio19dias.com/wp-content/uploads/elementor/css/post-11dd8c.css]
[desafio19dias.com/wp-content/cache/wpfc-minified/jmc9fi90/buc74.css]
[desafio19dias.com/wp-content/uploads/2021/05/C2-2.jpg]
[desafio19dias.com/wp-content/uploads/2021/05/fundo-geometrico-escuro_1409-925-1.jpg]
[desafio19dias.com/wp-content/uploads/elementor/css/post-1085de74.css]
[desafio19dias.com/wp-content/cache/wpfc-minified/fpokiwng/buc74.css]
[desafio19dias.com/wp-content/cache/wpfc-minified/ma2dppyd/buc74.css]
[desafio19dias.com/wp-content/plugins/elementor/assets/lib/eicons/fonts/eiconsdc2c.eot]
[desafio19dias.com/wp-content/uploads/2021/05/como-emagreci006.html]
[desafio19dias.com/wp-content/plugins/elementor/assets/lib/font-awesome/webfonts/fa-solid-900.eot]
